C51 COMPILER V9.60.7.0   DISTANCE                                                          03/23/2026 01:03:55 PAGE 1   


C51 COMPILER V9.60.7.0, COMPILATION OF MODULE DISTANCE
OBJECT MODULE PLACED IN .\Objects\distance.obj
COMPILER INVOKED BY: C:\Keil_v5\C51\BIN\C51.EXE distance.c OPTIMIZE(8,SPEED) BROWSE DEBUG OBJECTEXTEND PRINT(.\Listings\
                    -distance.lst) TABS(2) OBJECT(.\Objects\distance.obj)

line level    source

   1          #include<reg52.h>
   2          sbit trig=P2^6;
   3          sbit echo=P2^7;
   4          sbit led=P2^0;
   5          void delay(){
   6   1        unsigned int i;
   7   1        for(i=0;i<500;i++);
   8   1      
   9   1      }
  10          
  11          void main(){
  12   1        unsigned int time=0;
  13   1        unsigned int distance=0;
  14   1        while(1){
  15   2          trig=1;
  16   2          delay();
  17   2          trig=0;
  18   2          while(!echo);
  19   2          TL0=0;
  20   2          TH0=0;
  21   2          TR0=1;
  22   2          while(echo);
  23   2          TR0=0;
  24   2          time=(TH0<<8)|| TL0;
  25   2          distance=time/58;
  26   2          if(distance<10){
  27   3            led=0;
  28   3          
  29   3          }
  30   2          else{
  31   3            led=1;
  32   3          
  33   3          }
  34   2        
  35   2        
  36   2        }
  37   1        
  38   1      
  39   1        
  40   1        
  41   1          
  42   1      
  43   1      }


MODULE INFORMATION:   STATIC OVERLAYABLE
   CODE SIZE        =     91    ----
   CONSTANT SIZE    =   ----    ----
   XDATA SIZE       =   ----    ----
   PDATA SIZE       =   ----    ----
   DATA SIZE        =   ----    ----
   IDATA SIZE       =   ----    ----
   BIT SIZE         =   ----    ----
END OF MODULE INFORMATION.

C51 COMPILER V9.60.7.0   DISTANCE                                                          03/23/2026 01:03:55 PAGE 2   


C51 COMPILATION COMPLETE.  0 WARNING(S),  0 ERROR(S)
