C51 COMPILER V9.60.7.0   UPDOWN                                                            03/22/2026 14:33:36 PAGE 1   


C51 COMPILER V9.60.7.0, COMPILATION OF MODULE UPDOWN
OBJECT MODULE PLACED IN .\Objects\updown.obj
COMPILER INVOKED BY: C:\Keil_v5\C51\BIN\C51.EXE updown.c OPTIMIZE(8,SPEED) BROWSE DEBUG OBJECTEXTEND PRINT(.\Listings\up
                    -down.lst) TABS(2) OBJECT(.\Objects\updown.obj)

line level    source

   1          #include <reg52.h>
   2          
   3          #define LED P2
   4          
   5          sbit SW = P3^0;   // switch at P3.0
   6          
   7          char value = 0;
   8          
   9          void delay(void);
  10          
  11          void main(void) {
  12   1          LED = 0xFF;   // active low (all OFF)
  13   1      
  14   1          while(1) {
  15   2      
  16   2              LED = ~value;   // display 4-bit value (active low)
  17   2      
  18   2              delay();
  19   2      
  20   2              if(SW == 1) {   // UP counter
  21   3                  value = (value + 1) & 0x0F;
  22   3              }
  23   2              else {          // DOWN counter
  24   3                  value = (value - 1) & 0x0F;
  25   3              }
  26   2          }
  27   1      }
  28          
  29          void delay(void) {
  30   1          int i;
  31   1      
  32   1          for(i=0; i<10; i++) {
  33   2              TMOD = 0x10;   // Timer1 mode1
  34   2              TH1 = 0x7D;
  35   2              TL1 = 0xCB;
  36   2              TR1 = 1;
  37   2      
  38   2              while(TF1 == 0);
  39   2      
  40   2              TR1 = 0;
  41   2              TF1 = 0;
  42   2          }
  43   1      }


MODULE INFORMATION:   STATIC OVERLAYABLE
   CODE SIZE        =     65    ----
   CONSTANT SIZE    =   ----    ----
   XDATA SIZE       =   ----    ----
   PDATA SIZE       =   ----    ----
   DATA SIZE        =      1    ----
   IDATA SIZE       =   ----    ----
   BIT SIZE         =   ----    ----
END OF MODULE INFORMATION.

C51 COMPILER V9.60.7.0   UPDOWN                                                            03/22/2026 14:33:36 PAGE 2   


C51 COMPILATION COMPLETE.  0 WARNING(S),  0 ERROR(S)
