C51 COMPILER V9.60.7.0   LED                                                               01/11/2026 16:35:37 PAGE 1   


C51 COMPILER V9.60.7.0, COMPILATION OF MODULE LED
OBJECT MODULE PLACED IN .\Objects\led.obj
COMPILER INVOKED BY: C:\Keil_v5\C51\BIN\C51.EXE led.c OPTIMIZE(8,SPEED) BROWSE DEBUG OBJECTEXTEND PRINT(.\Listings\led.l
                    -st) TABS(2) OBJECT(.\Objects\led.obj)

line level    source

   1          #include<reg51.h>
   2          void delay(unsigned int count)
   3          {
   4   1      unsigned int i;
   5   1        while(count){
   6   2          i=115;
   7   2          while(i>0)
   8   2            i--;
   9   2          count--;
  10   2        }
  11   1      }
  12          void main(){
  13   1        while(1)
  14   1        {
  15   2          P2=0x00; //here we are writing code for all 8 p2 ports
  16   2          delay(1000);
  17   2          P2=0xFF;
  18   2          delay(1000);
  19   2        }
  20   1      }
  21              


MODULE INFORMATION:   STATIC OVERLAYABLE
   CODE SIZE        =     47    ----
   CONSTANT SIZE    =   ----    ----
   XDATA SIZE       =   ----    ----
   PDATA SIZE       =   ----    ----
   DATA SIZE        =   ----    ----
   IDATA SIZE       =   ----    ----
   BIT SIZE         =   ----    ----
END OF MODULE INFORMATION.


C51 COMPILATION COMPLETE.  0 WARNING(S),  0 ERROR(S)
