BL51 BANKED LINKER/LOCATER V6.22.4.0                                                    01/13/2026  01:59:55  PAGE 1


BL51 BANKED LINKER/LOCATER V6.22.4.0, INVOKED BY:
C:\KEIL_V5\C51\BIN\BL51.EXE .\Objects\AutomaticStreet_Light.obj TO .\Objects\Automatic Street Light PRINT (.\Listings\Au
>> tomatic Street Light.m51)


MEMORY MODEL: SMALL


INPUT MODULES INCLUDED:
  .\Objects\AutomaticStreet_Light.obj (AUTOMATICSTREET_LIGHT)
  C:\KEIL_V5\C51\LIB\C51S.LIB (?C_STARTUP)


LINK MAP OF MODULE:  .\Objects\Automatic Street Light (AUTOMATICSTREET_LIGHT)


            TYPE    BASE      LENGTH    RELOCATION   SEGMENT NAME
            -----------------------------------------------------

            * * * * * * *   D A T A   M E M O R Y   * * * * * * *
            REG     0000H     0008H     ABSOLUTE     "REG BANK 0"
            IDATA   0008H     0001H     UNIT         ?STACK

            * * * * * * *   C O D E   M E M O R Y   * * * * * * *
            CODE    0000H     0003H     ABSOLUTE     
                    0003H     07FDH                  *** GAP ***
            CODE    0800H     0019H     UNIT         ?PR?MAIN?AUTOMATICSTREET_LIGHT
            CODE    0819H     000CH     UNIT         ?C_C51STARTUP



OVERLAY MAP OF MODULE:   .\Objects\Automatic Street Light (AUTOMATICSTREET_LIGHT)


SEGMENT
  +--> CALLED SEGMENT
---------------------
?C_C51STARTUP
  +--> ?PR?MAIN?AUTOMATICSTREET_LIGHT



SYMBOL TABLE OF MODULE:  .\Objects\Automatic Street Light (AUTOMATICSTREET_LIGHT)

  VALUE           TYPE          NAME
  ----------------------------------

  -------         MODULE        AUTOMATICSTREET_LIGHT
  C:0000H         SYMBOL        _ICE_DUMMY_
  D:0080H         PUBLIC        P0
  D:00A0H         PUBLIC        P2
  D:00B0H         PUBLIC        P3
  B:0080H.0       PUBLIC        MODE
  C:0800H         PUBLIC        main
  B:0080H.1       PUBLIC        SW
  B:00A0H.0       PUBLIC        LDR
  B:00B0H.0       PUBLIC        LIGHT
  -------         PROC          MAIN
BL51 BANKED LINKER/LOCATER V6.22.4.0                                                  01/13/2026  01:59:55  PAGE 2


  C:0800H         LINE#         7
  C:0800H         LINE#         8
  C:0800H         LINE#         9
  C:0803H         LINE#         10
  C:0806H         LINE#         11
  C:0808H         LINE#         13
  C:080AH         LINE#         14
  C:080AH         LINE#         15
  C:080CH         LINE#         18
  C:080CH         LINE#         20
  C:080EH         LINE#         21
  C:080EH         LINE#         22
  C:0811H         LINE#         23
  C:0813H         LINE#         26
  C:0815H         LINE#         27
  C:0815H         LINE#         29
  C:0817H         LINE#         31
  C:0817H         LINE#         34
  C:0817H         LINE#         36
  -------         ENDPROC       MAIN
  -------         ENDMOD        AUTOMATICSTREET_LIGHT

******************************************************************************
* RESTRICTED VERSION WITH 0800H BYTE CODE SIZE LIMIT; USED: 0019H BYTE ( 1%) *
******************************************************************************

Program Size: data=9.0 xdata=0 code=40
LINK/LOCATE RUN COMPLETE.  0 WARNING(S),  0 ERROR(S)
