C51 COMPILER V9.60.7.0   AUTOMATICSTREET_LIGHT                                             01/13/2026 01:59:55 PAGE 1   


C51 COMPILER V9.60.7.0, COMPILATION OF MODULE AUTOMATICSTREET_LIGHT
OBJECT MODULE PLACED IN .\Objects\AutomaticStreet_Light.obj
COMPILER INVOKED BY: C:\Keil_v5\C51\BIN\C51.EXE AutomaticStreet_Light.c OPTIMIZE(8,SPEED) BROWSE DEBUG OBJECTEXTEND PRIN
                    -T(.\Listings\AutomaticStreet_Light.lst) TABS(2) OBJECT(.\Objects\AutomaticStreet_Light.obj)

line level    source

   1          #include<reg51.h>
   2          sbit MODE=P0^0;
   3          sbit SW=P0^1;
   4          sbit LDR=P2^0;
   5          sbit LIGHT=P3^0;
   6          
   7          void main(){
   8   1        while(1){
   9   2          if(MODE==1){
  10   3            if(LDR==1){
  11   4              LIGHT=1;
  12   4            
  13   4            }
  14   3            else{
  15   4              LIGHT=0;
  16   4            
  17   4            
  18   4            }
  19   3          
  20   3          }
  21   2          else{
  22   3            if(SW==1){
  23   4              LIGHT=1;
  24   4            
  25   4            
  26   4            }
  27   3            else{
  28   4              
  29   4              LIGHT=0;
  30   4            
  31   4            }
  32   3          
  33   3          
  34   3          }
  35   2        
  36   2        }
  37   1      
  38   1      }


MODULE INFORMATION:   STATIC OVERLAYABLE
   CODE SIZE        =     25    ----
   CONSTANT SIZE    =   ----    ----
   XDATA SIZE       =   ----    ----
   PDATA SIZE       =   ----    ----
   DATA SIZE        =   ----    ----
   IDATA SIZE       =   ----    ----
   BIT SIZE         =   ----    ----
END OF MODULE INFORMATION.


C51 COMPILATION COMPLETE.  0 WARNING(S),  0 ERROR(S)
