C51 COMPILER V9.60.7.0   INTENSITY_LIGHT                                                   03/23/2026 00:12:41 PAGE 1   


C51 COMPILER V9.60.7.0, COMPILATION OF MODULE INTENSITY_LIGHT
OBJECT MODULE PLACED IN .\Objects\intensity_light.obj
COMPILER INVOKED BY: C:\Keil_v5\C51\BIN\C51.EXE intensity_light.c OPTIMIZE(8,SPEED) BROWSE DEBUG OBJECTEXTEND PRINT(.\Li
                    -stings\intensity_light.lst) TABS(2) OBJECT(.\Objects\intensity_light.obj)

line level    source

   1          #include<reg52.h>
   2          #define SSD P3
   3          sbit OP1=P2^0;
   4          sbit OP2=P2^1;
   5          char Digit[10]={0x40,0x79,0x24};
   6          void main(void){
   7   1        if(OP2==0 && OP1 ==0){
   8   2          SSD=Digit[0];
   9   2        
  10   2        }
  11   1        else if(OP2==0 && OP1==1){
  12   2          SSD=Digit[1];
  13   2        
  14   2        }
  15   1        else if(OP2==1 && OP1==1){
  16   2          SSD=Digit[2];
  17   2        
  18   2        }
  19   1      
  20   1      }


MODULE INFORMATION:   STATIC OVERLAYABLE
   CODE SIZE        =     30    ----
   CONSTANT SIZE    =   ----    ----
   XDATA SIZE       =   ----    ----
   PDATA SIZE       =   ----    ----
   DATA SIZE        =     10    ----
   IDATA SIZE       =   ----    ----
   BIT SIZE         =   ----    ----
END OF MODULE INFORMATION.


C51 COMPILATION COMPLETE.  0 WARNING(S),  0 ERROR(S)
