BL51 BANKED LINKER/LOCATER V6.22.4.0                                                    03/22/2026  12:47:45  PAGE 1


BL51 BANKED LINKER/LOCATER V6.22.4.0, INVOKED BY:
C:\KEIL_V5\C51\BIN\BL51.EXE .\Objects\STARTUP.obj, .\Objects\up_counter.obj TO .\Objects\4_bit_up_counter PRINT (.\Listi
>> ngs\4_bit_up_counter.m51) RAMSIZE (256)


MEMORY MODEL: SMALL


INPUT MODULES INCLUDED:
  .\Objects\STARTUP.obj (?C_STARTUP)
  .\Objects\up_counter.obj (UP_COUNTER)
  C:\KEIL_V5\C51\LIB\C51S.LIB (?C_INIT)


LINK MAP OF MODULE:  .\Objects\4_bit_up_counter (?C_STARTUP)


            TYPE    BASE      LENGTH    RELOCATION   SEGMENT NAME
            -----------------------------------------------------

            * * * * * * *   D A T A   M E M O R Y   * * * * * * *
            REG     0000H     0008H     ABSOLUTE     "REG BANK 0"
            DATA    0008H     0001H     UNIT         ?DT?UP_COUNTER
            IDATA   0009H     0001H     UNIT         ?STACK

            * * * * * * *   C O D E   M E M O R Y   * * * * * * *
            CODE    0000H     0003H     ABSOLUTE     
                    0003H     07FDH                  *** GAP ***
            CODE    0800H     008CH     UNIT         ?C_C51STARTUP
            CODE    088CH     0021H     UNIT         ?PR?DELAY?UP_COUNTER
            CODE    08ADH     0012H     UNIT         ?PR?MAIN?UP_COUNTER
            CODE    08BFH     0004H     UNIT         ?C_INITSEG



OVERLAY MAP OF MODULE:   .\Objects\4_bit_up_counter (?C_STARTUP)


SEGMENT
  +--> CALLED SEGMENT
---------------------
?C_C51STARTUP
  +--> ?PR?MAIN?UP_COUNTER
  +--> ?C_INITSEG

?PR?MAIN?UP_COUNTER
  +--> ?PR?DELAY?UP_COUNTER



SYMBOL TABLE OF MODULE:  .\Objects\4_bit_up_counter (?C_STARTUP)

  VALUE           TYPE          NAME
  ----------------------------------

  -------         MODULE        ?C_STARTUP
  C:0800H         SEGMENT       ?C_C51STARTUP
  I:0009H         SEGMENT       ?STACK
BL51 BANKED LINKER/LOCATER V6.22.4.0                                                  03/22/2026  12:47:45  PAGE 2


  C:0000H         PUBLIC        ?C_STARTUP
  D:00E0H         SYMBOL        ACC
  D:00F0H         SYMBOL        B
  D:0083H         SYMBOL        DPH
  D:0082H         SYMBOL        DPL
  N:0000H         SYMBOL        IBPSTACK
  N:0100H         SYMBOL        IBPSTACKTOP
  N:0080H         SYMBOL        IDATALEN
  C:0803H         SYMBOL        IDATALOOP
  N:0000H         SYMBOL        PBPSTACK
  N:0100H         SYMBOL        PBPSTACKTOP
  N:0000H         SYMBOL        PDATALEN
  N:0000H         SYMBOL        PDATASTART
  N:0000H         SYMBOL        PPAGE
  N:0000H         SYMBOL        PPAGEENABLE
  D:00A0H         SYMBOL        PPAGE_SFR
  D:0081H         SYMBOL        SP
  C:0800H         SYMBOL        STARTUP1
  N:0000H         SYMBOL        XBPSTACK
  N:0000H         SYMBOL        XBPSTACKTOP
  N:0000H         SYMBOL        XDATALEN
  N:0000H         SYMBOL        XDATASTART
  C:0000H         LINE#         126
  C:0800H         LINE#         133
  C:0802H         LINE#         134
  C:0803H         LINE#         135
  C:0804H         LINE#         136
  C:0806H         LINE#         185
  C:0809H         LINE#         196
  -------         ENDMOD        ?C_STARTUP

  -------         MODULE        UP_COUNTER
  C:0000H         SYMBOL        _ICE_DUMMY_
  D:0090H         PUBLIC        P1
  D:00A0H         PUBLIC        P2
  D:00B0H         PUBLIC        P3
  D:00A8H         PUBLIC        IE
  C:088CH         PUBLIC        delay
  D:00B8H         PUBLIC        IP
  D:0008H         PUBLIC        value
  C:08ADH         PUBLIC        main
  D:0098H         PUBLIC        SCON
  D:0089H         PUBLIC        TMOD
  D:0088H         PUBLIC        TCON
  B:0088H.7       PUBLIC        TF1
  D:008DH         PUBLIC        TH1
  D:008BH         PUBLIC        TL1
  B:0088H.6       PUBLIC        TR1
  D:00C8H         PUBLIC        T2CON
  D:00D0H         PUBLIC        PSW
  -------         PROC          MAIN
  C:08ADH         LINE#         5
  C:08ADH         LINE#         6
  C:08B0H         LINE#         7
  C:08B0H         LINE#         8
  C:08B7H         LINE#         9
  C:08BAH         LINE#         10
BL51 BANKED LINKER/LOCATER V6.22.4.0                                                  03/22/2026  12:47:45  PAGE 3


  C:08BDH         LINE#         12
  -------         ENDPROC       MAIN
  -------         PROC          DELAY
  -------         DO            
  D:0006H         SYMBOL        i
  -------         ENDDO         
  C:088CH         LINE#         16
  C:088CH         LINE#         18
  C:088FH         LINE#         19
  C:0892H         LINE#         20
  C:0895H         LINE#         21
  C:0898H         LINE#         22
  C:089AH         LINE#         23
  C:089DH         LINE#         24
  C:089FH         LINE#         25
  C:08A1H         LINE#         26
  C:08ACH         LINE#         29
  -------         ENDPROC       DELAY
  -------         ENDMOD        UP_COUNTER

******************************************************************************
* RESTRICTED VERSION WITH 0800H BYTE CODE SIZE LIMIT; USED: 0045H BYTE ( 3%) *
******************************************************************************

Program Size: data=10.0 xdata=0 code=198
LINK/LOCATE RUN COMPLETE.  0 WARNING(S),  0 ERROR(S)
